// Jest Snapshot v1, https://goo.gl/fbAQLP

exports[`CardInfo renders the component CardInfo 1`] = `
<div class="card-info"><img class="card-info__poster">
  <div class="card-info__title">

  </div>
  <div class="card-info__date">

  </div>
  <div class="card-info__genre">

  </div>
  <div class="card-info__populary">

  </div>
  <div class="card-info__overview">

  </div>
</div>
`;
